
> chizel@0.0.0 build
> vite build

[36mvite v7.0.6 [32mbuilding for production...[36m[39m
transforming...
[32mΓ£ô[39m 138 modules transformed.
